{
    "panhuman-1 - stub": {
        "content": [
            {
                "0": [
                    "panhuman-1.idx:md5,d41d8cd98f00b204e9800998ecf8427e"
                ],
                "idx": [
                    "panhuman-1.idx:md5,d41d8cd98f00b204e9800998ecf8427e"
                ]
            }
        ],
        "timestamp": "2026-06-26T15:48:05.421400252",
        "meta": {
            "nf-test": "0.9.5",
            "nextflow": "26.04.1"
        }
    },
    "panhuman-1": {
        "content": [
            "panhuman-1.k31w15.idx",
            3279263603
        ],
        "timestamp": "2026-06-26T16:26:55.714919946",
        "meta": {
            "nf-test": "0.9.5",
            "nextflow": "26.04.1"
        }
    }
}