{
    "full test": {
        "content": [
            [
                [
                    {
                        "id": "test2",
                        "single_end": false,
                        "group": "test",
                        "from_sra": true,
                        "source_db": "SPIRE"
                    },
                    "test2.contigs.fna.gz:md5,652c22023f41a517bfad695fa2c56c25"
                ],
                [
                    {
                        "id": "test_coassembly",
                        "bioproject": "SPIRE",
                        "group": "test",
                        "single_end": false,
                        "from_sra": true
                    },
                    "test_coassembly.contigs.fna.gz:md5,2d1a68849e7a326ece95f6edfa9fe25e"
                ]
            ],
            "SRR33973430.spring"
        ],
        "timestamp": "2026-07-06T15:18:32.883188358",
        "meta": {
            "nf-test": "0.9.5",
            "nextflow": "26.04.1"
        }
    },
    "stub": {
        "content": [
            {
                "0": [
                    [
                        {
                            "id": "group1_coassembly",
                            "bioproject": null,
                            "group": "group1",
                            "single_end": false,
                            "from_sra": null
                        },
                        "group1_coassembly.spring:md5,68b329da9893e34099c7d8ad5cb9c940"
                    ],
                    [
                        {
                            "id": "test1",
                            "single_end": false,
                            "group": "group1"
                        },
                        "SRR33973430.spring:md5,ac752b49f582f5d075749478243ddd46"
                    ],
                    [
                        {
                            "id": "test2",
                            "single_end": false,
                            "group": "group1"
                        },
                        "SRR33973465.spring:md5,7f0680f8e36d8e0ebca57b8c2c161dec"
                    ]
                ],
                "1": [
                    [
                        {
                            "id": "group1_coassembly",
                            "bioproject": null,
                            "group": "group1",
                            "single_end": false,
                            "from_sra": null
                        },
                        "group1_coassembly.contigs.fna.gz:md5,68b329da9893e34099c7d8ad5cb9c940"
                    ],
                    [
                        {
                            "id": "test2",
                            "single_end": false,
                            "group": "group1"
                        },
                        "test2.contigs.fna.gz:md5,68b329da9893e34099c7d8ad5cb9c940"
                    ]
                ],
                "assembly_fna_gz": [
                    [
                        {
                            "id": "group1_coassembly",
                            "bioproject": null,
                            "group": "group1",
                            "single_end": false,
                            "from_sra": null
                        },
                        "group1_coassembly.contigs.fna.gz:md5,68b329da9893e34099c7d8ad5cb9c940"
                    ],
                    [
                        {
                            "id": "test2",
                            "single_end": false,
                            "group": "group1"
                        },
                        "test2.contigs.fna.gz:md5,68b329da9893e34099c7d8ad5cb9c940"
                    ]
                ],
                "spring": [
                    [
                        {
                            "id": "group1_coassembly",
                            "bioproject": null,
                            "group": "group1",
                            "single_end": false,
                            "from_sra": null
                        },
                        "group1_coassembly.spring:md5,68b329da9893e34099c7d8ad5cb9c940"
                    ],
                    [
                        {
                            "id": "test1",
                            "single_end": false,
                            "group": "group1"
                        },
                        "SRR33973430.spring:md5,ac752b49f582f5d075749478243ddd46"
                    ],
                    [
                        {
                            "id": "test2",
                            "single_end": false,
                            "group": "group1"
                        },
                        "SRR33973465.spring:md5,7f0680f8e36d8e0ebca57b8c2c161dec"
                    ]
                ]
            }
        ],
        "timestamp": "2026-07-06T15:05:31.241045983",
        "meta": {
            "nf-test": "0.9.5",
            "nextflow": "26.04.1"
        }
    }
}