{
    "lambda - stub": {
        "content": [
            {
                "0": [
                    [
                        {
                            "id": "test"
                        },
                        "lambda.fna.gz:md5,68b329da9893e34099c7d8ad5cb9c940"
                    ]
                ],
                "1": [
                    [
                        "SEQKIT_SEQ_REPLACE_SPLIT2",
                        "seqkit",
                        "2.13.0"
                    ]
                ],
                "fastx": [
                    [
                        {
                            "id": "test"
                        },
                        "lambda.fna.gz:md5,68b329da9893e34099c7d8ad5cb9c940"
                    ]
                ],
                "versions_seqkit": [
                    [
                        "SEQKIT_SEQ_REPLACE_SPLIT2",
                        "seqkit",
                        "2.13.0"
                    ]
                ]
            }
        ],
        "timestamp": "2026-07-07T17:03:48.505809891",
        "meta": {
            "nf-test": "0.9.5",
            "nextflow": "26.04.1"
        }
    },
    "lambda": {
        "content": [
            {
                "0": [
                    [
                        {
                            "id": "test"
                        },
                        "stdin.part_001.fasta.gz:md5,a394cf15034783a8f0bf70928b92e873"
                    ]
                ],
                "1": [
                    [
                        "SEQKIT_SEQ_REPLACE_SPLIT2",
                        "seqkit",
                        "2.13.0"
                    ]
                ],
                "fastx": [
                    [
                        {
                            "id": "test"
                        },
                        "stdin.part_001.fasta.gz:md5,a394cf15034783a8f0bf70928b92e873"
                    ]
                ],
                "versions_seqkit": [
                    [
                        "SEQKIT_SEQ_REPLACE_SPLIT2",
                        "seqkit",
                        "2.13.0"
                    ]
                ]
            }
        ],
        "timestamp": "2026-07-07T17:07:42.756929521",
        "meta": {
            "nf-test": "0.9.5",
            "nextflow": "26.04.1"
        }
    }
}