{
    "download - zenodo fallback": {
        "content": [
            {
                "0": [
                    
                ],
                "1": [
                    
                ],
                "10": [
                    
                ],
                "2": [
                    
                ],
                "3": [
                    
                ],
                "4": [
                    
                ],
                "5": [
                    
                ],
                "6": [
                    
                ],
                "7": [
                    
                ],
                "8": [
                    
                ],
                "9": [
                    
                ],
                "genomovars_gani_tsv_gz": [
                    
                ],
                "metadata_sylphtax_tsv_gz": [
                    
                ],
                "metadata_tsv_gz": [
                    
                ],
                "protein_annotations_tsv_gz": [
                    
                ],
                "proteins_faa_gz": [
                    
                ],
                "proteinsimilarity_tsv_gz": [
                    
                ],
                "species_gani_tsv_gz": [
                    
                ],
                "unique_reps_fna_gz": [
                    
                ],
                "versions_uhvdb": [
                    
                ],
                "versions_unzip": [
                    
                ],
                "versions_wget": [
                    
                ]
            }
        ],
        "timestamp": "2026-06-26T14:31:26.924548376",
        "meta": {
            "nf-test": "0.9.5",
            "nextflow": "26.04.1"
        }
    },
    "download - s3": {
        "content": [
            {
                "0": [
                    "uhvdb_metadata.tsv.gz:md5,8849b62862cd3fbf79a394e560233597"
                ],
                "1": [
                    "uhvdb_metadata_sylphtax.tsv.gz:md5,0a06e86abf8c3282569030602859718f"
                ],
                "10": [
                    [
                        "UHVDB_DOWNLOAD",
                        "uhvdb",
                        "v5.1.0"
                    ]
                ],
                "2": [
                    "uhvdb_unique_reps.fna.gz:md5,13fc0acc81fd0af327e77e0de5bba259"
                ],
                "3": [
                    "uhvdb_genomovars_gani.tsv.gz:md5,c43b4d247a9a292c177045cb364e1ae6"
                ],
                "4": [
                    "uhvdb_species_gani.tsv.gz:md5,7c67e58b6f07d289741b0e7b5adfad6d"
                ],
                "5": [
                    "uhvdb_proteins.faa.gz:md5,234c9bd06fc4a73c009f633e0e0b93d0"
                ],
                "6": [
                    "uhvdb_proteinsimilarity.tsv.gz:md5,374bd322874045d684608263bacbba85"
                ],
                "7": [
                    "uhvdb_protein_annotations.tsv.gz:md5,85f61e0f9ed2d60abc2caf610a4ae53f"
                ],
                "8": [
                    [
                        "UHVDB_DOWNLOAD",
                        "wget",
                        "1.19.5"
                    ]
                ],
                "9": [
                    [
                        "UHVDB_DOWNLOAD",
                        "unzip",
                        ""
                    ]
                ],
                "genomovars_gani_tsv_gz": [
                    "uhvdb_genomovars_gani.tsv.gz:md5,c43b4d247a9a292c177045cb364e1ae6"
                ],
                "metadata_sylphtax_tsv_gz": [
                    "uhvdb_metadata_sylphtax.tsv.gz:md5,0a06e86abf8c3282569030602859718f"
                ],
                "metadata_tsv_gz": [
                    "uhvdb_metadata.tsv.gz:md5,8849b62862cd3fbf79a394e560233597"
                ],
                "protein_annotations_tsv_gz": [
                    "uhvdb_protein_annotations.tsv.gz:md5,85f61e0f9ed2d60abc2caf610a4ae53f"
                ],
                "proteins_faa_gz": [
                    "uhvdb_proteins.faa.gz:md5,234c9bd06fc4a73c009f633e0e0b93d0"
                ],
                "proteinsimilarity_tsv_gz": [
                    "uhvdb_proteinsimilarity.tsv.gz:md5,374bd322874045d684608263bacbba85"
                ],
                "species_gani_tsv_gz": [
                    "uhvdb_species_gani.tsv.gz:md5,7c67e58b6f07d289741b0e7b5adfad6d"
                ],
                "unique_reps_fna_gz": [
                    "uhvdb_unique_reps.fna.gz:md5,13fc0acc81fd0af327e77e0de5bba259"
                ],
                "versions_uhvdb": [
                    [
                        "UHVDB_DOWNLOAD",
                        "uhvdb",
                        "v5.1.0"
                    ]
                ],
                "versions_unzip": [
                    [
                        "UHVDB_DOWNLOAD",
                        "unzip",
                        ""
                    ]
                ],
                "versions_wget": [
                    [
                        "UHVDB_DOWNLOAD",
                        "wget",
                        "1.19.5"
                    ]
                ]
            }
        ],
        "timestamp": "2026-06-26T14:31:15.109512909",
        "meta": {
            "nf-test": "0.9.5",
            "nextflow": "26.04.1"
        }
    },
    "download - stub": {
        "content": [
            {
                "0": [
                    "uhvdb_metadata.tsv.gz:md5,68b329da9893e34099c7d8ad5cb9c940"
                ],
                "1": [
                    "uhvdb_metadata_sylphtax.tsv.gz:md5,68b329da9893e34099c7d8ad5cb9c940"
                ],
                "10": [
                    [
                        "UHVDB_DOWNLOAD",
                        "uhvdb",
                        "v5.1.0"
                    ]
                ],
                "2": [
                    "uhvdb_unique_reps.fna.gz:md5,68b329da9893e34099c7d8ad5cb9c940"
                ],
                "3": [
                    "uhvdb_genomovars_gani.tsv.gz:md5,68b329da9893e34099c7d8ad5cb9c940"
                ],
                "4": [
                    "uhvdb_species_gani.tsv.gz:md5,68b329da9893e34099c7d8ad5cb9c940"
                ],
                "5": [
                    "uhvdb_proteins.faa.gz:md5,68b329da9893e34099c7d8ad5cb9c940"
                ],
                "6": [
                    "uhvdb_proteinsimilarity.tsv.gz:md5,68b329da9893e34099c7d8ad5cb9c940"
                ],
                "7": [
                    "uhvdb_protein_annotations.tsv.gz:md5,68b329da9893e34099c7d8ad5cb9c940"
                ],
                "8": [
                    [
                        "UHVDB_DOWNLOAD",
                        "wget",
                        "1.19.5"
                    ]
                ],
                "9": [
                    [
                        "UHVDB_DOWNLOAD",
                        "unzip",
                        ""
                    ]
                ],
                "genomovars_gani_tsv_gz": [
                    "uhvdb_genomovars_gani.tsv.gz:md5,68b329da9893e34099c7d8ad5cb9c940"
                ],
                "metadata_sylphtax_tsv_gz": [
                    "uhvdb_metadata_sylphtax.tsv.gz:md5,68b329da9893e34099c7d8ad5cb9c940"
                ],
                "metadata_tsv_gz": [
                    "uhvdb_metadata.tsv.gz:md5,68b329da9893e34099c7d8ad5cb9c940"
                ],
                "protein_annotations_tsv_gz": [
                    "uhvdb_protein_annotations.tsv.gz:md5,68b329da9893e34099c7d8ad5cb9c940"
                ],
                "proteins_faa_gz": [
                    "uhvdb_proteins.faa.gz:md5,68b329da9893e34099c7d8ad5cb9c940"
                ],
                "proteinsimilarity_tsv_gz": [
                    "uhvdb_proteinsimilarity.tsv.gz:md5,68b329da9893e34099c7d8ad5cb9c940"
                ],
                "species_gani_tsv_gz": [
                    "uhvdb_species_gani.tsv.gz:md5,68b329da9893e34099c7d8ad5cb9c940"
                ],
                "unique_reps_fna_gz": [
                    "uhvdb_unique_reps.fna.gz:md5,68b329da9893e34099c7d8ad5cb9c940"
                ],
                "versions_uhvdb": [
                    [
                        "UHVDB_DOWNLOAD",
                        "uhvdb",
                        "v5.1.0"
                    ]
                ],
                "versions_unzip": [
                    [
                        "UHVDB_DOWNLOAD",
                        "unzip",
                        ""
                    ]
                ],
                "versions_wget": [
                    [
                        "UHVDB_DOWNLOAD",
                        "wget",
                        "1.19.5"
                    ]
                ]
            }
        ],
        "timestamp": "2026-06-26T14:31:03.720208977",
        "meta": {
            "nf-test": "0.9.5",
            "nextflow": "26.04.1"
        }
    }
}