{
    "stub": {
        "content": [
            {
                "0": [
                    "nbc_hmms.hmm:md5,d41d8cd98f00b204e9800998ecf8427e"
                ],
                "viralverify_db": [
                    "nbc_hmms.hmm:md5,d41d8cd98f00b204e9800998ecf8427e"
                ]
            }
        ],
        "timestamp": "2026-07-07T16:50:28.837716977",
        "meta": {
            "nf-test": "0.9.5",
            "nextflow": "26.04.1"
        }
    },
    "full_test": {
        "content": [
            {
                "0": [
                    "nbc_hmms.hmm:md5,46a13ac184275b66e98e5a86ace54e9c"
                ],
                "viralverify_db": [
                    "nbc_hmms.hmm:md5,46a13ac184275b66e98e5a86ace54e9c"
                ]
            }
        ],
        "timestamp": "2026-07-07T16:51:05.042979588",
        "meta": {
            "nf-test": "0.9.5",
            "nextflow": "26.04.1"
        }
    }
}