{
    "sarscov2 - stub": {
        "content": [
            {
                "0": [
                    [
                        {
                            "id": "test_batch_0",
                            "source_db": "test_db",
                            "body_site": "Gut"
                        },
                        "test_batch_0_virus.fna.gz:md5,68b329da9893e34099c7d8ad5cb9c940"
                    ]
                ],
                "1": [
                    [
                        {
                            "id": "test_batch_0",
                            "source_db": "test_db",
                            "body_site": "Gut"
                        },
                        "test_batch_0_virus_summary.tsv.gz:md5,68b329da9893e34099c7d8ad5cb9c940"
                    ]
                ],
                "2": [
                    [
                        {
                            "id": "test_batch_0",
                            "source_db": "test_db",
                            "body_site": "Gut"
                        },
                        "test_batch_0_virus_genes.tsv.gz:md5,68b329da9893e34099c7d8ad5cb9c940"
                    ]
                ],
                "3": [
                    [
                        "ARIA2C_SEQKIT_GENOMAD_CSVTK_SEQKIT",
                        "genomad",
                        "1.12.0"
                    ]
                ],
                "4": [
                    [
                        "ARIA2C_SEQKIT_GENOMAD_CSVTK_SEQKIT",
                        "seqkit",
                        "2.13.0"
                    ]
                ],
                "5": [
                    [
                        "ARIA2C_SEQKIT_GENOMAD_CSVTK_SEQKIT",
                        "aria2",
                        "1.37.0"
                    ]
                ],
                "6": [
                    [
                        "ARIA2C_SEQKIT_GENOMAD_CSVTK_SEQKIT",
                        "csvtk",
                        "0.37.0"
                    ]
                ],
                "fna_gz": [
                    [
                        {
                            "id": "test_batch_0",
                            "source_db": "test_db",
                            "body_site": "Gut"
                        },
                        "test_batch_0_virus.fna.gz:md5,68b329da9893e34099c7d8ad5cb9c940"
                    ]
                ],
                "genes_tsv_gz": [
                    [
                        {
                            "id": "test_batch_0",
                            "source_db": "test_db",
                            "body_site": "Gut"
                        },
                        "test_batch_0_virus_genes.tsv.gz:md5,68b329da9893e34099c7d8ad5cb9c940"
                    ]
                ],
                "summary_tsv_gz": [
                    [
                        {
                            "id": "test_batch_0",
                            "source_db": "test_db",
                            "body_site": "Gut"
                        },
                        "test_batch_0_virus_summary.tsv.gz:md5,68b329da9893e34099c7d8ad5cb9c940"
                    ]
                ],
                "versions_aria2": [
                    [
                        "ARIA2C_SEQKIT_GENOMAD_CSVTK_SEQKIT",
                        "aria2",
                        "1.37.0"
                    ]
                ],
                "versions_csvtk": [
                    [
                        "ARIA2C_SEQKIT_GENOMAD_CSVTK_SEQKIT",
                        "csvtk",
                        "0.37.0"
                    ]
                ],
                "versions_genomad": [
                    [
                        "ARIA2C_SEQKIT_GENOMAD_CSVTK_SEQKIT",
                        "genomad",
                        "1.12.0"
                    ]
                ],
                "versions_seqkit": [
                    [
                        "ARIA2C_SEQKIT_GENOMAD_CSVTK_SEQKIT",
                        "seqkit",
                        "2.13.0"
                    ]
                ]
            }
        ],
        "timestamp": "2026-07-08T08:37:44.213466867",
        "meta": {
            "nf-test": "0.9.5",
            "nextflow": "26.04.1"
        }
    },
    "sarscov2": {
        "content": [
            {
                "0": [
                    [
                        {
                            "id": "test_batch_0",
                            "source_db": "test_db",
                            "body_site": "Gut"
                        },
                        "test_batch_0_virus.fna.gz:md5,383e072fcf1ba669e2986de7b851a6df"
                    ]
                ],
                "1": [
                    [
                        {
                            "id": "test_batch_0",
                            "source_db": "test_db",
                            "body_site": "Gut"
                        },
                        "test_batch_0_virus_summary.tsv.gz:md5,1c4f540746932c631fe7464f7b49e8b4"
                    ]
                ],
                "2": [
                    [
                        {
                            "id": "test_batch_0",
                            "source_db": "test_db",
                            "body_site": "Gut"
                        },
                        "test_batch_0_virus_genes.tsv.gz:md5,aba8f65e0fad856cd83701b5711d5ebd"
                    ]
                ],
                "3": [
                    [
                        "ARIA2C_SEQKIT_GENOMAD_CSVTK_SEQKIT",
                        "genomad",
                        "1.12.0"
                    ]
                ],
                "4": [
                    [
                        "ARIA2C_SEQKIT_GENOMAD_CSVTK_SEQKIT",
                        "seqkit",
                        "2.13.0"
                    ]
                ],
                "5": [
                    [
                        "ARIA2C_SEQKIT_GENOMAD_CSVTK_SEQKIT",
                        "aria2",
                        "1.37.0"
                    ]
                ],
                "6": [
                    [
                        "ARIA2C_SEQKIT_GENOMAD_CSVTK_SEQKIT",
                        "csvtk",
                        "0.37.0"
                    ]
                ],
                "fna_gz": [
                    [
                        {
                            "id": "test_batch_0",
                            "source_db": "test_db",
                            "body_site": "Gut"
                        },
                        "test_batch_0_virus.fna.gz:md5,383e072fcf1ba669e2986de7b851a6df"
                    ]
                ],
                "genes_tsv_gz": [
                    [
                        {
                            "id": "test_batch_0",
                            "source_db": "test_db",
                            "body_site": "Gut"
                        },
                        "test_batch_0_virus_genes.tsv.gz:md5,aba8f65e0fad856cd83701b5711d5ebd"
                    ]
                ],
                "summary_tsv_gz": [
                    [
                        {
                            "id": "test_batch_0",
                            "source_db": "test_db",
                            "body_site": "Gut"
                        },
                        "test_batch_0_virus_summary.tsv.gz:md5,1c4f540746932c631fe7464f7b49e8b4"
                    ]
                ],
                "versions_aria2": [
                    [
                        "ARIA2C_SEQKIT_GENOMAD_CSVTK_SEQKIT",
                        "aria2",
                        "1.37.0"
                    ]
                ],
                "versions_csvtk": [
                    [
                        "ARIA2C_SEQKIT_GENOMAD_CSVTK_SEQKIT",
                        "csvtk",
                        "0.37.0"
                    ]
                ],
                "versions_genomad": [
                    [
                        "ARIA2C_SEQKIT_GENOMAD_CSVTK_SEQKIT",
                        "genomad",
                        "1.12.0"
                    ]
                ],
                "versions_seqkit": [
                    [
                        "ARIA2C_SEQKIT_GENOMAD_CSVTK_SEQKIT",
                        "seqkit",
                        "2.13.0"
                    ]
                ]
            }
        ],
        "timestamp": "2026-07-08T08:37:09.851963631",
        "meta": {
            "nf-test": "0.9.5",
            "nextflow": "26.04.1"
        }
    }
}