{
    "human - single - SRR33973430": {
        "content": [
            "test.spring"
        ],
        "timestamp": "2026-07-06T14:22:33.110983329",
        "meta": {
            "nf-test": "0.9.5",
            "nextflow": "26.04.1"
        }
    },
    "human - single - SRR33973430 - stub": {
        "content": [
            {
                "0": [
                    [
                        {
                            "id": "test",
                            "single_end": false
                        },
                        "test.spring:md5,d41d8cd98f00b204e9800998ecf8427e"
                    ],
                    [
                        {
                            "id": "test",
                            "single_end": true
                        },
                        "test.spring:md5,d41d8cd98f00b204e9800998ecf8427e"
                    ]
                ],
                "spring": [
                    [
                        {
                            "id": "test",
                            "single_end": false
                        },
                        "test.spring:md5,d41d8cd98f00b204e9800998ecf8427e"
                    ],
                    [
                        {
                            "id": "test",
                            "single_end": true
                        },
                        "test.spring:md5,d41d8cd98f00b204e9800998ecf8427e"
                    ]
                ]
            }
        ],
        "timestamp": "2026-07-06T14:22:50.095796909",
        "meta": {
            "nf-test": "0.9.5",
            "nextflow": "26.04.1"
        }
    }
}