{
    "classify filters and edge cases": {
        "content": [
            {
                "0": [
                    [
                        {
                            "id": "test",
                            "db_type": "Assembly",
                            "body_site": "Gut",
                            "source_db": "test_db"
                        },
                        "test.uhvdb_viruses.fna.gz:md5,7d0c98e3c2070a7e7bc5b988875d76f2"
                    ]
                ],
                "1": [
                    [
                        {
                            "id": "test",
                            "db_type": "Assembly",
                            "body_site": "Gut",
                            "source_db": "test_db"
                        },
                        "test.uhvdb_complete.fna.gz:md5,26c7a4ad6eb0104466cacb23b993690c"
                    ]
                ],
                "2": [
                    [
                        {
                            "id": "test",
                            "db_type": "Assembly",
                            "body_site": "Gut",
                            "source_db": "test_db"
                        },
                        "test.uhvdb_virus_class.tsv.gz:md5,348eea2a0bca9c62fa293d1ff3e5db3e"
                    ]
                ],
                "3": [
                    [
                        "UHVDB_CLASSIFY",
                        "polars",
                        "1.40.1"
                    ]
                ],
                "4": [
                    [
                        "UHVDB_CLASSIFY",
                        "biopython",
                        "1.87"
                    ]
                ],
                "5": [
                    [
                        "UHVDB_CLASSIFY",
                        "uhvdb_classify",
                        "1.0.0"
                    ]
                ],
                "complete_fna_gz": [
                    [
                        {
                            "id": "test",
                            "db_type": "Assembly",
                            "body_site": "Gut",
                            "source_db": "test_db"
                        },
                        "test.uhvdb_complete.fna.gz:md5,26c7a4ad6eb0104466cacb23b993690c"
                    ]
                ],
                "fna_gz": [
                    [
                        {
                            "id": "test",
                            "db_type": "Assembly",
                            "body_site": "Gut",
                            "source_db": "test_db"
                        },
                        "test.uhvdb_viruses.fna.gz:md5,7d0c98e3c2070a7e7bc5b988875d76f2"
                    ]
                ],
                "tsv_gz": [
                    [
                        {
                            "id": "test",
                            "db_type": "Assembly",
                            "body_site": "Gut",
                            "source_db": "test_db"
                        },
                        "test.uhvdb_virus_class.tsv.gz:md5,348eea2a0bca9c62fa293d1ff3e5db3e"
                    ]
                ],
                "versions_biopython": [
                    [
                        "UHVDB_CLASSIFY",
                        "biopython",
                        "1.87"
                    ]
                ],
                "versions_polars": [
                    [
                        "UHVDB_CLASSIFY",
                        "polars",
                        "1.40.1"
                    ]
                ],
                "versions_uhvdb_classify": [
                    [
                        "UHVDB_CLASSIFY",
                        "uhvdb_classify",
                        "1.0.0"
                    ]
                ]
            }
        ],
        "timestamp": "2026-07-08T14:26:06.721837888",
        "meta": {
            "nf-test": "0.9.5",
            "nextflow": "26.04.1"
        }
    },
    "stub": {
        "content": [
            {
                "0": [
                    [
                        {
                            "id": "test",
                            "db_type": "Assembly",
                            "body_site": "Gut",
                            "source_db": "test_db"
                        },
                        "test.uhvdb_viruses.fna.gz:md5,68b329da9893e34099c7d8ad5cb9c940"
                    ]
                ],
                "1": [
                    [
                        {
                            "id": "test",
                            "db_type": "Assembly",
                            "body_site": "Gut",
                            "source_db": "test_db"
                        },
                        "test.uhvdb_complete.fna.gz:md5,68b329da9893e34099c7d8ad5cb9c940"
                    ]
                ],
                "2": [
                    [
                        {
                            "id": "test",
                            "db_type": "Assembly",
                            "body_site": "Gut",
                            "source_db": "test_db"
                        },
                        "test.uhvdb_virus_class.tsv.gz:md5,68b329da9893e34099c7d8ad5cb9c940"
                    ]
                ],
                "3": [
                    [
                        "UHVDB_CLASSIFY",
                        "polars",
                        "1.40.1"
                    ]
                ],
                "4": [
                    [
                        "UHVDB_CLASSIFY",
                        "biopython",
                        "1.87"
                    ]
                ],
                "5": [
                    [
                        "UHVDB_CLASSIFY",
                        "uhvdb_classify",
                        "1.0.0"
                    ]
                ],
                "complete_fna_gz": [
                    [
                        {
                            "id": "test",
                            "db_type": "Assembly",
                            "body_site": "Gut",
                            "source_db": "test_db"
                        },
                        "test.uhvdb_complete.fna.gz:md5,68b329da9893e34099c7d8ad5cb9c940"
                    ]
                ],
                "fna_gz": [
                    [
                        {
                            "id": "test",
                            "db_type": "Assembly",
                            "body_site": "Gut",
                            "source_db": "test_db"
                        },
                        "test.uhvdb_viruses.fna.gz:md5,68b329da9893e34099c7d8ad5cb9c940"
                    ]
                ],
                "tsv_gz": [
                    [
                        {
                            "id": "test",
                            "db_type": "Assembly",
                            "body_site": "Gut",
                            "source_db": "test_db"
                        },
                        "test.uhvdb_virus_class.tsv.gz:md5,68b329da9893e34099c7d8ad5cb9c940"
                    ]
                ],
                "versions_biopython": [
                    [
                        "UHVDB_CLASSIFY",
                        "biopython",
                        "1.87"
                    ]
                ],
                "versions_polars": [
                    [
                        "UHVDB_CLASSIFY",
                        "polars",
                        "1.40.1"
                    ]
                ],
                "versions_uhvdb_classify": [
                    [
                        "UHVDB_CLASSIFY",
                        "uhvdb_classify",
                        "1.0.0"
                    ]
                ]
            }
        ],
        "timestamp": "2026-07-08T14:24:51.402339256",
        "meta": {
            "nf-test": "0.9.5",
            "nextflow": "26.04.1"
        }
    }
}