{
    "filter - integration": {
        "content": [
            {
                "0": [
                    
                ],
                "1": [
                    
                ],
                "2": [
                    
                ],
                "fna_gz": [
                    
                ]
            }
        ],
        "timestamp": "2026-07-08T13:49:54.376400282",
        "meta": {
            "nf-test": "0.9.5",
            "nextflow": "26.04.1"
        }
    },
    "filter - stub": {
        "content": [
            {
                "0": [
                    [
                        {
                            "id": "test"
                        },
                        "test.fna.gz:md5,68b329da9893e34099c7d8ad5cb9c940"
                    ]
                ],
                "1": [
                    [
                        "CSVTK_SEQKIT",
                        "csvtk",
                        "0.37.0"
                    ]
                ],
                "2": [
                    [
                        "CSVTK_SEQKIT",
                        "seqkit",
                        "2.13.0"
                    ]
                ],
                "fna_gz": [
                    [
                        {
                            "id": "test"
                        },
                        "test.fna.gz:md5,68b329da9893e34099c7d8ad5cb9c940"
                    ]
                ]
            }
        ],
        "timestamp": "2026-07-08T13:50:04.106476699",
        "meta": {
            "nf-test": "0.9.5",
            "nextflow": "26.04.1"
        }
    }
}