{
    "lambda - stub": {
        "content": [
            {
                "0": [
                    [
                        {
                            "id": "test"
                        },
                        "test_result_table.csv.gz:md5,68b329da9893e34099c7d8ad5cb9c940"
                    ]
                ],
                "1": [
                    [
                        {
                            "id": "test"
                        },
                        "test_domtblout.gz:md5,68b329da9893e34099c7d8ad5cb9c940"
                    ]
                ],
                "2": [
                    [
                        "VIRALVERIFY_VIRALVERIFY",
                        "viralverify",
                        "1.1"
                    ]
                ],
                "csv_gz": [
                    [
                        {
                            "id": "test"
                        },
                        "test_result_table.csv.gz:md5,68b329da9893e34099c7d8ad5cb9c940"
                    ]
                ],
                "domtblout_gz": [
                    [
                        {
                            "id": "test"
                        },
                        "test_domtblout.gz:md5,68b329da9893e34099c7d8ad5cb9c940"
                    ]
                ],
                "versions_viralverify": [
                    [
                        "VIRALVERIFY_VIRALVERIFY",
                        "viralverify",
                        "1.1"
                    ]
                ]
            }
        ],
        "timestamp": "2026-07-08T11:03:18.363159634",
        "meta": {
            "nf-test": "0.9.5",
            "nextflow": "26.04.1"
        }
    },
    "lambda": {
        "content": [
            "test_result_table.csv.gz",
            "test_domtblout.gz",
            [
                [
                    "VIRALVERIFY_VIRALVERIFY",
                    "viralverify",
                    "1.1"
                ]
            ]
        ],
        "timestamp": "2026-07-08T11:52:38.84160845",
        "meta": {
            "nf-test": "0.9.5",
            "nextflow": "26.04.1"
        }
    }
}